{"level":"info","message":{"exchange":"NSE","orderNo":"251126000006739","order_ltp":179.05,"order_type":"LMT","price":179.05,"product":"I","quantity":"100","security_id":"2319","segment":"E","source":"N","txn_type":"B","validity":"DAY"},"timestamp":"2025-11-26T03:45:01.656Z"}
{"level":"info","message":{"exchange":"NSE","orderNo":"251126000017414","order_ltp":176.38,"order_type":"LMT","price":176.38,"product":"I","quantity":"100","security_id":"2319","segment":"E","source":"N","txn_type":"B","validity":"DAY"},"timestamp":"2025-11-26T03:51:00.935Z"}
{"level":"info","message":{"exchange":"NSE","orderNo":"251126000026964","order_ltp":7.2,"order_type":"LMT","price":7.2,"product":"I","quantity":"1","security_id":"2792","segment":"E","source":"N","txn_type":"B","validity":"DAY"},"timestamp":"2025-11-26T03:59:00.612Z"}
{"level":"info","message":{"exchange":"NSE","orderNo":"251126000030619","order_ltp":7.18,"order_type":"LMT","price":7.18,"product":"I","quantity":"1","security_id":"2792","segment":"E","source":"N","txn_type":"B","validity":"DAY"},"timestamp":"2025-11-26T04:02:00.895Z"}
{"level":"info","message":{"exchange":"NSE","orderNo":"251126000030673","order_ltp":7.17,"order_type":"LMT","price":7.17,"product":"I","quantity":"1","security_id":"2792","segment":"E","source":"N","txn_type":"S","validity":"DAY"},"timestamp":"2025-11-26T04:02:04.057Z"}
{"level":"info","message":{"exchange":"NSE","orderNo":"251126000045813","order_ltp":7.17,"order_type":"LMT","price":7.17,"product":"I","quantity":"1","security_id":"2792","segment":"E","source":"N","txn_type":"B","validity":"DAY"},"timestamp":"2025-11-26T04:15:00.938Z"}
{"level":"info","message":{"exchange":"NSE","orderNo":"251126000048123","order_ltp":7.18,"order_type":"LMT","price":7.18,"product":"I","quantity":"1","security_id":"2792","segment":"E","source":"N","txn_type":"S","validity":"DAY"},"timestamp":"2025-11-26T04:16:22.671Z"}
{"level":"info","message":{"exchange":"NSE","orderNo":"251127000007257","order_ltp":35.58,"order_type":"MKT","price":0,"product":"I","quantity":"1","security_id":"11699","segment":"E","source":"N","txn_type":"B","validity":"DAY"},"timestamp":"2025-11-27T03:45:02.801Z"}
{"level":"info","message":{"exchange":"NSE","orderNo":"251127000007595","order_ltp":36.08,"order_type":"MKT","price":0,"product":"I","quantity":"1","security_id":"11699","segment":"E","source":"N","txn_type":"S","validity":"DAY"},"timestamp":"2025-11-27T03:45:09.001Z"}
{"level":"info","message":{"exchange":"NSE","orderNo":"251127000086050","order_ltp":7.28,"order_type":"MKT","price":0,"product":"I","quantity":"1","security_id":"2792","segment":"E","source":"N","txn_type":"B","validity":"DAY"},"timestamp":"2025-11-27T04:38:00.941Z"}
{"level":"error","timestamp":"2025-11-27T04:38:01.103Z"}
{"level":"error","timestamp":"2025-11-27T04:43:23.368Z"}
{"level":"error","timestamp":"2025-11-27T04:43:50.271Z"}
{"level":"error","timestamp":"2025-11-27T04:44:53.793Z"}
{"level":"info","message":{"exchange":"NSE","orderNo":"251127000097626","order_ltp":7.25,"order_type":"MKT","price":0,"product":"I","quantity":"1","security_id":"2792","segment":"E","source":"N","txn_type":"B","validity":"DAY"},"timestamp":"2025-11-27T04:48:00.799Z"}
{"level":"error","timestamp":"2025-11-27T04:48:00.961Z"}
{"level":"info","message":{"exchange":"NSE","orderNo":"251127000099277","order_ltp":7.26,"order_type":"MKT","price":0,"product":"I","quantity":"1","security_id":"2792","segment":"E","source":"N","txn_type":"B","validity":"DAY"},"timestamp":"2025-11-27T04:50:00.800Z"}
{"level":"error","timestamp":"2025-11-27T04:50:00.981Z"}
{"level":"info","message":{"exchange":"NSE","orderNo":"251127000099288","order_ltp":7.26,"order_type":"MKT","price":0,"product":"I","quantity":"1","security_id":"2792","segment":"E","source":"N","txn_type":"S","validity":"DAY"},"timestamp":"2025-11-27T04:50:01.710Z"}
{"level":"info","message":{"exchange":"NSE","orderNo":"251127000100765","order_ltp":7.27,"order_type":"MKT","price":0,"product":"I","quantity":"1","security_id":"2792","segment":"E","source":"N","txn_type":"B","validity":"DAY"},"timestamp":"2025-11-27T04:51:50.115Z"}
{"level":"info","message":{"exchange":"NSE","orderNo":"251127000100780","order_ltp":7.27,"order_type":"MKT","price":0,"product":"I","quantity":"1","security_id":"2792","segment":"E","source":"N","txn_type":"S","validity":"DAY"},"timestamp":"2025-11-27T04:51:51.285Z"}
{"level":"info","message":{"exchange":"NSE","orderNo":"251127000100994","order_ltp":7.26,"order_type":"MKT","price":0,"product":"I","quantity":"1","security_id":"2792","segment":"E","source":"N","txn_type":"B","validity":"DAY"},"timestamp":"2025-11-27T04:52:06.338Z"}
{"level":"info","message":{"exchange":"NSE","orderNo":"251127000101013","order_ltp":7.26,"order_type":"MKT","price":0,"product":"I","quantity":"1","security_id":"2792","segment":"E","source":"N","txn_type":"S","validity":"DAY"},"timestamp":"2025-11-27T04:52:07.102Z"}
{"level":"info","message":{"exchange":"NSE","orderNo":"251127000101912","order_ltp":7.26,"order_type":"MKT","price":0,"product":"I","quantity":"1","security_id":"2792","segment":"E","source":"N","txn_type":"B","validity":"DAY"},"timestamp":"2025-11-27T04:53:10.587Z"}
{"level":"info","message":{"exchange":"NSE","orderNo":"251127000101923","order_ltp":7.26,"order_type":"MKT","price":0,"product":"I","quantity":"1","security_id":"2792","segment":"E","source":"N","txn_type":"S","validity":"DAY"},"timestamp":"2025-11-27T04:53:11.392Z"}
{"level":"info","message":{"exchange":"NSE","orderNo":"251127000102555","order_ltp":7.27,"order_type":"MKT","price":0,"product":"I","quantity":"1","security_id":"2792","segment":"E","source":"N","txn_type":"B","validity":"DAY"},"timestamp":"2025-11-27T04:54:04.292Z"}
{"level":"info","message":{"exchange":"NSE","orderNo":"251127000102561","order_ltp":7.27,"order_type":"MKT","price":0,"product":"I","quantity":"1","security_id":"2792","segment":"E","source":"N","txn_type":"S","validity":"DAY"},"timestamp":"2025-11-27T04:54:04.986Z"}
{"level":"info","message":{"exchange":"NSE","orderNo":"251127000103572","order_ltp":7.26,"order_type":"MKT","price":0,"product":"I","quantity":"1","security_id":"2792","segment":"E","source":"N","txn_type":"B","validity":"DAY"},"timestamp":"2025-11-27T04:55:08.986Z"}
{"level":"info","message":{"exchange":"NSE","orderNo":"251127000103583","order_ltp":7.26,"order_type":"MKT","price":0,"product":"I","quantity":"1","security_id":"2792","segment":"E","source":"N","txn_type":"S","validity":"DAY"},"timestamp":"2025-11-27T04:55:09.850Z"}
{"level":"info","message":{"exchange":"NSE","orderNo":"251127000104073","order_ltp":7.25,"order_type":"MKT","price":0,"product":"I","quantity":"1","security_id":"2792","segment":"E","source":"N","txn_type":"B","validity":"DAY"},"timestamp":"2025-11-27T04:55:44.366Z"}
{"level":"info","message":{"exchange":"NSE","orderNo":"251127000104079","order_ltp":7.25,"order_type":"MKT","price":0,"product":"I","quantity":"1","security_id":"2792","segment":"E","source":"N","txn_type":"S","validity":"DAY"},"timestamp":"2025-11-27T04:55:45.003Z"}
{"level":"info","message":{"exchange":"NSE","orderNo":"251127000116925","order_ltp":7.25,"order_type":"MKT","price":0,"product":"I","quantity":"1","security_id":"2792","segment":"E","source":"N","txn_type":"B","validity":"DAY"},"timestamp":"2025-11-27T05:01:55.352Z"}
{"level":"info","message":{"exchange":"NSE","orderNo":"251127000123396","order_ltp":7.22,"order_type":"MKT","price":0,"product":"I","quantity":"1","security_id":"2792","segment":"E","source":"N","txn_type":"S","validity":"DAY"},"timestamp":"2025-11-27T05:05:37.323Z"}
{"level":"info","message":{"exchange":"NSE","orderNo":"251128000004901","order_ltp":880.35,"order_type":"MKT","price":0,"product":"I","quantity":"1","security_id":"1164","segment":"E","source":"N","txn_type":"B","validity":"DAY"},"timestamp":"2025-11-28T03:23:01.474Z"}
{"level":"info","message":{"exchange":"NSE","orderNo":"251128000004905","order_ltp":880.35,"order_type":"MKT","price":0,"product":"I","quantity":"1","security_id":"1164","segment":"E","source":"N","txn_type":"S","validity":"DAY"},"timestamp":"2025-11-28T03:23:02.932Z"}
{"level":"info","message":{"exchange":"NSE","orderNo":"251128000007020","order_ltp":883.5,"order_type":"MKT","price":0,"product":"I","quantity":"20","security_id":"1164","segment":"E","source":"N","txn_type":"B","validity":"DAY"},"timestamp":"2025-11-28T03:45:01.672Z"}
{"level":"info","message":{"exchange":"NSE","orderNo":"251128000007098","order_ltp":883.5,"order_type":"MKT","price":0,"product":"I","quantity":"20","security_id":"1164","segment":"E","source":"N","txn_type":"S","validity":"DAY"},"timestamp":"2025-11-28T03:45:03.714Z"}
{"level":"info","message":{"exchange":"NSE","orderNo":"251128000010960","order_ltp":884.6,"order_type":"MKT","price":0,"product":"I","quantity":"1","security_id":"1164","segment":"E","source":"N","txn_type":"B","validity":"DAY"},"timestamp":"2025-11-28T03:47:01.684Z"}
{"level":"info","message":{"exchange":"NSE","orderNo":"251128000012654","order_ltp":881.9,"order_type":"MKT","price":0,"product":"I","quantity":"20","security_id":"1164","segment":"E","source":"N","txn_type":"B","validity":"DAY"},"timestamp":"2025-11-28T03:48:01.324Z"}
{"level":"info","message":{"exchange":"NSE","orderNo":"251128000056097","order_ltp":891,"order_type":"MKT","price":0,"product":"I","quantity":"20","security_id":"1164","segment":"E","source":"N","txn_type":"S","validity":"DAY"},"timestamp":"2025-11-28T04:24:27.094Z"}
